Analysis & Elaboration report for MIPS_Processor
Sun Oct 25 19:01:18 2020
Quartus Prime Version 20.1.0 Build 711 06/05/2020 SJ Lite Edition


---------------------
; Table of Contents ;
---------------------
  1. Legal Notice
  2. Analysis & Elaboration Summary
  3. Parallel Compilation
  4. Parameter Settings for User Entity Instance: Top-level Entity: |MIPS_Processor
  5. Parameter Settings for User Entity Instance: Program_Counter:PC
  6. Parameter Settings for User Entity Instance: Program_Memory:ROM
  7. Parameter Settings for User Entity Instance: Adder:PC_Puls_4
  8. Parameter Settings for User Entity Instance: Multiplexer_2_to_1:MUX_R_TYPE_OR_I_Type
  9. Parameter Settings for User Entity Instance: Register_File:REGISTER_FILE_UNIT|Register:Zero
 10. Parameter Settings for User Entity Instance: Register_File:REGISTER_FILE_UNIT|Register:at
 11. Parameter Settings for User Entity Instance: Register_File:REGISTER_FILE_UNIT|Register:v0
 12. Parameter Settings for User Entity Instance: Register_File:REGISTER_FILE_UNIT|Register:v1
 13. Parameter Settings for User Entity Instance: Register_File:REGISTER_FILE_UNIT|Register:a0
 14. Parameter Settings for User Entity Instance: Register_File:REGISTER_FILE_UNIT|Register:a1
 15. Parameter Settings for User Entity Instance: Register_File:REGISTER_FILE_UNIT|Register:a2
 16. Parameter Settings for User Entity Instance: Register_File:REGISTER_FILE_UNIT|Register:a3
 17. Parameter Settings for User Entity Instance: Register_File:REGISTER_FILE_UNIT|Register:t0
 18. Parameter Settings for User Entity Instance: Register_File:REGISTER_FILE_UNIT|Register:t1
 19. Parameter Settings for User Entity Instance: Register_File:REGISTER_FILE_UNIT|Register:t2
 20. Parameter Settings for User Entity Instance: Register_File:REGISTER_FILE_UNIT|Register:t3
 21. Parameter Settings for User Entity Instance: Register_File:REGISTER_FILE_UNIT|Register:t4
 22. Parameter Settings for User Entity Instance: Register_File:REGISTER_FILE_UNIT|Register:t5
 23. Parameter Settings for User Entity Instance: Register_File:REGISTER_FILE_UNIT|Register:t6
 24. Parameter Settings for User Entity Instance: Register_File:REGISTER_FILE_UNIT|Register:t7
 25. Parameter Settings for User Entity Instance: Register_File:REGISTER_FILE_UNIT|Register:s0
 26. Parameter Settings for User Entity Instance: Register_File:REGISTER_FILE_UNIT|Register:s1
 27. Parameter Settings for User Entity Instance: Register_File:REGISTER_FILE_UNIT|Register:s2
 28. Parameter Settings for User Entity Instance: Register_File:REGISTER_FILE_UNIT|Register:s3
 29. Parameter Settings for User Entity Instance: Register_File:REGISTER_FILE_UNIT|Register:s4
 30. Parameter Settings for User Entity Instance: Register_File:REGISTER_FILE_UNIT|Register:s5
 31. Parameter Settings for User Entity Instance: Register_File:REGISTER_FILE_UNIT|Register:s6
 32. Parameter Settings for User Entity Instance: Register_File:REGISTER_FILE_UNIT|Register:s7
 33. Parameter Settings for User Entity Instance: Register_File:REGISTER_FILE_UNIT|Register:t8
 34. Parameter Settings for User Entity Instance: Register_File:REGISTER_FILE_UNIT|Register:t9
 35. Parameter Settings for User Entity Instance: Register_File:REGISTER_FILE_UNIT|Register:k0
 36. Parameter Settings for User Entity Instance: Register_File:REGISTER_FILE_UNIT|Register:k1
 37. Parameter Settings for User Entity Instance: Register_File:REGISTER_FILE_UNIT|Register:gp
 38. Parameter Settings for User Entity Instance: Register_File:REGISTER_FILE_UNIT|Register:sp
 39. Parameter Settings for User Entity Instance: Register_File:REGISTER_FILE_UNIT|Register:fp
 40. Parameter Settings for User Entity Instance: Register_File:REGISTER_FILE_UNIT|Register:ra
 41. Parameter Settings for User Entity Instance: Register_File:REGISTER_FILE_UNIT|Mux_Register_File:MUXRegister1
 42. Parameter Settings for User Entity Instance: Register_File:REGISTER_FILE_UNIT|Mux_Register_File:MUXRegister2
 43. Parameter Settings for User Entity Instance: Multiplexer_2_to_1:MUX_READ_DATA_2_OR_IMMEDIATE
 44. Analysis & Elaboration Settings
 45. Port Connectivity Checks: "ALU:ALU_UNIT"
 46. Port Connectivity Checks: "Register_File:REGISTER_FILE_UNIT|Register:Zero"
 47. Port Connectivity Checks: "Adder:PC_Puls_4"
 48. Port Connectivity Checks: "Control:CONTROL_UNIT"
 49. Analysis & Elaboration Messages



----------------
; Legal Notice ;
----------------
Copyright (C) 2020  Intel Corporation. All rights reserved.
Your use of Intel Corporation's design tools, logic functions 
and other software and tools, and any partner logic 
functions, and any output files from any of the foregoing 
(including device programming or simulation files), and any 
associated documentation or information are expressly subject 
to the terms and conditions of the Intel Program License 
Subscription Agreement, the Intel Quartus Prime License Agreement,
the Intel FPGA IP License Agreement, or other applicable license
agreement, including, without limitation, that your use is for
the sole purpose of programming logic devices manufactured by
Intel and sold by Intel or its authorized distributors.  Please
refer to the applicable agreement for further details, at
https://fpgasoftware.intel.com/eula.



+----------------------------------------------------------------------------------+
; Analysis & Elaboration Summary                                                   ;
+------------------------------------+---------------------------------------------+
; Analysis & Elaboration Status      ; Successful - Sun Oct 25 19:01:18 2020       ;
; Quartus Prime Version              ; 20.1.0 Build 711 06/05/2020 SJ Lite Edition ;
; Revision Name                      ; MIPS_Processor                              ;
; Top-level Entity Name              ; MIPS_Processor                              ;
; Family                             ; MAX 10                                      ;
; Total logic elements               ; N/A until Partition Merge                   ;
;     Total combinational functions  ; N/A until Partition Merge                   ;
;     Dedicated logic registers      ; N/A until Partition Merge                   ;
; Total registers                    ; N/A until Partition Merge                   ;
; Total pins                         ; N/A until Partition Merge                   ;
; Total virtual pins                 ; N/A until Partition Merge                   ;
; Total memory bits                  ; N/A until Partition Merge                   ;
; Embedded Multiplier 9-bit elements ; N/A until Partition Merge                   ;
; Total PLLs                         ; N/A until Partition Merge                   ;
; UFM blocks                         ; N/A until Partition Merge                   ;
; ADC blocks                         ; N/A until Partition Merge                   ;
+------------------------------------+---------------------------------------------+


+------------------------------------------+
; Parallel Compilation                     ;
+----------------------------+-------------+
; Processors                 ; Number      ;
+----------------------------+-------------+
; Number detected on machine ; 4           ;
; Maximum allowed            ; 4           ;
;                            ;             ;
; Average used               ; 1.00        ;
; Maximum used               ; 1           ;
;                            ;             ;
; Usage by Processor         ; % Time Used ;
;     Processor 1            ; 100.0%      ;
+----------------------------+-------------+


+--------------------------------------------------------------------------------+
; Parameter Settings for User Entity Instance: Top-level Entity: |MIPS_Processor ;
+----------------+-------+-------------------------------------------------------+
; Parameter Name ; Value ; Type                                                  ;
+----------------+-------+-------------------------------------------------------+
; MEMORY_DEPTH   ; 32    ; Signed Integer                                        ;
+----------------+-------+-------------------------------------------------------+
Note: In order to hide this table in the UI and the text report file, please set the "Show Parameter Settings in Synthesis Report" option in "Analysis and Synthesis Settings -> More Settings" to "Off".


+-----------------------------------------------------------------+
; Parameter Settings for User Entity Instance: Program_Counter:PC ;
+----------------+-------+----------------------------------------+
; Parameter Name ; Value ; Type                                   ;
+----------------+-------+----------------------------------------+
; N_BITS         ; 32    ; Signed Integer                         ;
+----------------+-------+----------------------------------------+
Note: In order to hide this table in the UI and the text report file, please set the "Show Parameter Settings in Synthesis Report" option in "Analysis and Synthesis Settings -> More Settings" to "Off".


+-----------------------------------------------------------------+
; Parameter Settings for User Entity Instance: Program_Memory:ROM ;
+----------------+-------+----------------------------------------+
; Parameter Name ; Value ; Type                                   ;
+----------------+-------+----------------------------------------+
; MEMORY_DEPTH   ; 32    ; Signed Integer                         ;
; DATA_WIDTH     ; 32    ; Signed Integer                         ;
+----------------+-------+----------------------------------------+
Note: In order to hide this table in the UI and the text report file, please set the "Show Parameter Settings in Synthesis Report" option in "Analysis and Synthesis Settings -> More Settings" to "Off".


+--------------------------------------------------------------+
; Parameter Settings for User Entity Instance: Adder:PC_Puls_4 ;
+----------------+-------+-------------------------------------+
; Parameter Name ; Value ; Type                                ;
+----------------+-------+-------------------------------------+
; N_BITS         ; 32    ; Signed Integer                      ;
+----------------+-------+-------------------------------------+
Note: In order to hide this table in the UI and the text report file, please set the "Show Parameter Settings in Synthesis Report" option in "Analysis and Synthesis Settings -> More Settings" to "Off".


+--------------------------------------------------------------------------------------+
; Parameter Settings for User Entity Instance: Multiplexer_2_to_1:MUX_R_TYPE_OR_I_Type ;
+----------------+-------+-------------------------------------------------------------+
; Parameter Name ; Value ; Type                                                        ;
+----------------+-------+-------------------------------------------------------------+
; N_BITS         ; 5     ; Signed Integer                                              ;
+----------------+-------+-------------------------------------------------------------+
Note: In order to hide this table in the UI and the text report file, please set the "Show Parameter Settings in Synthesis Report" option in "Analysis and Synthesis Settings -> More Settings" to "Off".


+---------------------------------------------------------------------------------------------+
; Parameter Settings for User Entity Instance: Register_File:REGISTER_FILE_UNIT|Register:Zero ;
+----------------+-------+--------------------------------------------------------------------+
; Parameter Name ; Value ; Type                                                               ;
+----------------+-------+--------------------------------------------------------------------+
; N_BITS         ; 32    ; Signed Integer                                                     ;
+----------------+-------+--------------------------------------------------------------------+
Note: In order to hide this table in the UI and the text report file, please set the "Show Parameter Settings in Synthesis Report" option in "Analysis and Synthesis Settings -> More Settings" to "Off".


+-------------------------------------------------------------------------------------------+
; Parameter Settings for User Entity Instance: Register_File:REGISTER_FILE_UNIT|Register:at ;
+----------------+-------+------------------------------------------------------------------+
; Parameter Name ; Value ; Type                                                             ;
+----------------+-------+------------------------------------------------------------------+
; N_BITS         ; 32    ; Signed Integer                                                   ;
+----------------+-------+------------------------------------------------------------------+
Note: In order to hide this table in the UI and the text report file, please set the "Show Parameter Settings in Synthesis Report" option in "Analysis and Synthesis Settings -> More Settings" to "Off".


+-------------------------------------------------------------------------------------------+
; Parameter Settings for User Entity Instance: Register_File:REGISTER_FILE_UNIT|Register:v0 ;
+----------------+-------+------------------------------------------------------------------+
; Parameter Name ; Value ; Type                                                             ;
+----------------+-------+------------------------------------------------------------------+
; N_BITS         ; 32    ; Signed Integer                                                   ;
+----------------+-------+------------------------------------------------------------------+
Note: In order to hide this table in the UI and the text report file, please set the "Show Parameter Settings in Synthesis Report" option in "Analysis and Synthesis Settings -> More Settings" to "Off".


+-------------------------------------------------------------------------------------------+
; Parameter Settings for User Entity Instance: Register_File:REGISTER_FILE_UNIT|Register:v1 ;
+----------------+-------+------------------------------------------------------------------+
; Parameter Name ; Value ; Type                                                             ;
+----------------+-------+------------------------------------------------------------------+
; N_BITS         ; 32    ; Signed Integer                                                   ;
+----------------+-------+------------------------------------------------------------------+
Note: In order to hide this table in the UI and the text report file, please set the "Show Parameter Settings in Synthesis Report" option in "Analysis and Synthesis Settings -> More Settings" to "Off".


+-------------------------------------------------------------------------------------------+
; Parameter Settings for User Entity Instance: Register_File:REGISTER_FILE_UNIT|Register:a0 ;
+----------------+-------+------------------------------------------------------------------+
; Parameter Name ; Value ; Type                                                             ;
+----------------+-------+------------------------------------------------------------------+
; N_BITS         ; 32    ; Signed Integer                                                   ;
+----------------+-------+------------------------------------------------------------------+
Note: In order to hide this table in the UI and the text report file, please set the "Show Parameter Settings in Synthesis Report" option in "Analysis and Synthesis Settings -> More Settings" to "Off".


+-------------------------------------------------------------------------------------------+
; Parameter Settings for User Entity Instance: Register_File:REGISTER_FILE_UNIT|Register:a1 ;
+----------------+-------+------------------------------------------------------------------+
; Parameter Name ; Value ; Type                                                             ;
+----------------+-------+------------------------------------------------------------------+
; N_BITS         ; 32    ; Signed Integer                                                   ;
+----------------+-------+------------------------------------------------------------------+
Note: In order to hide this table in the UI and the text report file, please set the "Show Parameter Settings in Synthesis Report" option in "Analysis and Synthesis Settings -> More Settings" to "Off".


+-------------------------------------------------------------------------------------------+
; Parameter Settings for User Entity Instance: Register_File:REGISTER_FILE_UNIT|Register:a2 ;
+----------------+-------+------------------------------------------------------------------+
; Parameter Name ; Value ; Type                                                             ;
+----------------+-------+------------------------------------------------------------------+
; N_BITS         ; 32    ; Signed Integer                                                   ;
+----------------+-------+------------------------------------------------------------------+
Note: In order to hide this table in the UI and the text report file, please set the "Show Parameter Settings in Synthesis Report" option in "Analysis and Synthesis Settings -> More Settings" to "Off".


+-------------------------------------------------------------------------------------------+
; Parameter Settings for User Entity Instance: Register_File:REGISTER_FILE_UNIT|Register:a3 ;
+----------------+-------+------------------------------------------------------------------+
; Parameter Name ; Value ; Type                                                             ;
+----------------+-------+------------------------------------------------------------------+
; N_BITS         ; 32    ; Signed Integer                                                   ;
+----------------+-------+------------------------------------------------------------------+
Note: In order to hide this table in the UI and the text report file, please set the "Show Parameter Settings in Synthesis Report" option in "Analysis and Synthesis Settings -> More Settings" to "Off".


+-------------------------------------------------------------------------------------------+
; Parameter Settings for User Entity Instance: Register_File:REGISTER_FILE_UNIT|Register:t0 ;
+----------------+-------+------------------------------------------------------------------+
; Parameter Name ; Value ; Type                                                             ;
+----------------+-------+------------------------------------------------------------------+
; N_BITS         ; 32    ; Signed Integer                                                   ;
+----------------+-------+------------------------------------------------------------------+
Note: In order to hide this table in the UI and the text report file, please set the "Show Parameter Settings in Synthesis Report" option in "Analysis and Synthesis Settings -> More Settings" to "Off".


+-------------------------------------------------------------------------------------------+
; Parameter Settings for User Entity Instance: Register_File:REGISTER_FILE_UNIT|Register:t1 ;
+----------------+-------+------------------------------------------------------------------+
; Parameter Name ; Value ; Type                                                             ;
+----------------+-------+------------------------------------------------------------------+
; N_BITS         ; 32    ; Signed Integer                                                   ;
+----------------+-------+------------------------------------------------------------------+
Note: In order to hide this table in the UI and the text report file, please set the "Show Parameter Settings in Synthesis Report" option in "Analysis and Synthesis Settings -> More Settings" to "Off".


+-------------------------------------------------------------------------------------------+
; Parameter Settings for User Entity Instance: Register_File:REGISTER_FILE_UNIT|Register:t2 ;
+----------------+-------+------------------------------------------------------------------+
; Parameter Name ; Value ; Type                                                             ;
+----------------+-------+------------------------------------------------------------------+
; N_BITS         ; 32    ; Signed Integer                                                   ;
+----------------+-------+------------------------------------------------------------------+
Note: In order to hide this table in the UI and the text report file, please set the "Show Parameter Settings in Synthesis Report" option in "Analysis and Synthesis Settings -> More Settings" to "Off".


+-------------------------------------------------------------------------------------------+
; Parameter Settings for User Entity Instance: Register_File:REGISTER_FILE_UNIT|Register:t3 ;
+----------------+-------+------------------------------------------------------------------+
; Parameter Name ; Value ; Type                                                             ;
+----------------+-------+------------------------------------------------------------------+
; N_BITS         ; 32    ; Signed Integer                                                   ;
+----------------+-------+------------------------------------------------------------------+
Note: In order to hide this table in the UI and the text report file, please set the "Show Parameter Settings in Synthesis Report" option in "Analysis and Synthesis Settings -> More Settings" to "Off".


+-------------------------------------------------------------------------------------------+
; Parameter Settings for User Entity Instance: Register_File:REGISTER_FILE_UNIT|Register:t4 ;
+----------------+-------+------------------------------------------------------------------+
; Parameter Name ; Value ; Type                                                             ;
+----------------+-------+------------------------------------------------------------------+
; N_BITS         ; 32    ; Signed Integer                                                   ;
+----------------+-------+------------------------------------------------------------------+
Note: In order to hide this table in the UI and the text report file, please set the "Show Parameter Settings in Synthesis Report" option in "Analysis and Synthesis Settings -> More Settings" to "Off".


+-------------------------------------------------------------------------------------------+
; Parameter Settings for User Entity Instance: Register_File:REGISTER_FILE_UNIT|Register:t5 ;
+----------------+-------+------------------------------------------------------------------+
; Parameter Name ; Value ; Type                                                             ;
+----------------+-------+------------------------------------------------------------------+
; N_BITS         ; 32    ; Signed Integer                                                   ;
+----------------+-------+------------------------------------------------------------------+
Note: In order to hide this table in the UI and the text report file, please set the "Show Parameter Settings in Synthesis Report" option in "Analysis and Synthesis Settings -> More Settings" to "Off".


+-------------------------------------------------------------------------------------------+
; Parameter Settings for User Entity Instance: Register_File:REGISTER_FILE_UNIT|Register:t6 ;
+----------------+-------+------------------------------------------------------------------+
; Parameter Name ; Value ; Type                                                             ;
+----------------+-------+------------------------------------------------------------------+
; N_BITS         ; 32    ; Signed Integer                                                   ;
+----------------+-------+------------------------------------------------------------------+
Note: In order to hide this table in the UI and the text report file, please set the "Show Parameter Settings in Synthesis Report" option in "Analysis and Synthesis Settings -> More Settings" to "Off".


+-------------------------------------------------------------------------------------------+
; Parameter Settings for User Entity Instance: Register_File:REGISTER_FILE_UNIT|Register:t7 ;
+----------------+-------+------------------------------------------------------------------+
; Parameter Name ; Value ; Type                                                             ;
+----------------+-------+------------------------------------------------------------------+
; N_BITS         ; 32    ; Signed Integer                                                   ;
+----------------+-------+------------------------------------------------------------------+
Note: In order to hide this table in the UI and the text report file, please set the "Show Parameter Settings in Synthesis Report" option in "Analysis and Synthesis Settings -> More Settings" to "Off".


+-------------------------------------------------------------------------------------------+
; Parameter Settings for User Entity Instance: Register_File:REGISTER_FILE_UNIT|Register:s0 ;
+----------------+-------+------------------------------------------------------------------+
; Parameter Name ; Value ; Type                                                             ;
+----------------+-------+------------------------------------------------------------------+
; N_BITS         ; 32    ; Signed Integer                                                   ;
+----------------+-------+------------------------------------------------------------------+
Note: In order to hide this table in the UI and the text report file, please set the "Show Parameter Settings in Synthesis Report" option in "Analysis and Synthesis Settings -> More Settings" to "Off".


+-------------------------------------------------------------------------------------------+
; Parameter Settings for User Entity Instance: Register_File:REGISTER_FILE_UNIT|Register:s1 ;
+----------------+-------+------------------------------------------------------------------+
; Parameter Name ; Value ; Type                                                             ;
+----------------+-------+------------------------------------------------------------------+
; N_BITS         ; 32    ; Signed Integer                                                   ;
+----------------+-------+------------------------------------------------------------------+
Note: In order to hide this table in the UI and the text report file, please set the "Show Parameter Settings in Synthesis Report" option in "Analysis and Synthesis Settings -> More Settings" to "Off".


+-------------------------------------------------------------------------------------------+
; Parameter Settings for User Entity Instance: Register_File:REGISTER_FILE_UNIT|Register:s2 ;
+----------------+-------+------------------------------------------------------------------+
; Parameter Name ; Value ; Type                                                             ;
+----------------+-------+------------------------------------------------------------------+
; N_BITS         ; 32    ; Signed Integer                                                   ;
+----------------+-------+------------------------------------------------------------------+
Note: In order to hide this table in the UI and the text report file, please set the "Show Parameter Settings in Synthesis Report" option in "Analysis and Synthesis Settings -> More Settings" to "Off".


+-------------------------------------------------------------------------------------------+
; Parameter Settings for User Entity Instance: Register_File:REGISTER_FILE_UNIT|Register:s3 ;
+----------------+-------+------------------------------------------------------------------+
; Parameter Name ; Value ; Type                                                             ;
+----------------+-------+------------------------------------------------------------------+
; N_BITS         ; 32    ; Signed Integer                                                   ;
+----------------+-------+------------------------------------------------------------------+
Note: In order to hide this table in the UI and the text report file, please set the "Show Parameter Settings in Synthesis Report" option in "Analysis and Synthesis Settings -> More Settings" to "Off".


+-------------------------------------------------------------------------------------------+
; Parameter Settings for User Entity Instance: Register_File:REGISTER_FILE_UNIT|Register:s4 ;
+----------------+-------+------------------------------------------------------------------+
; Parameter Name ; Value ; Type                                                             ;
+----------------+-------+------------------------------------------------------------------+
; N_BITS         ; 32    ; Signed Integer                                                   ;
+----------------+-------+------------------------------------------------------------------+
Note: In order to hide this table in the UI and the text report file, please set the "Show Parameter Settings in Synthesis Report" option in "Analysis and Synthesis Settings -> More Settings" to "Off".


+-------------------------------------------------------------------------------------------+
; Parameter Settings for User Entity Instance: Register_File:REGISTER_FILE_UNIT|Register:s5 ;
+----------------+-------+------------------------------------------------------------------+
; Parameter Name ; Value ; Type                                                             ;
+----------------+-------+------------------------------------------------------------------+
; N_BITS         ; 32    ; Signed Integer                                                   ;
+----------------+-------+------------------------------------------------------------------+
Note: In order to hide this table in the UI and the text report file, please set the "Show Parameter Settings in Synthesis Report" option in "Analysis and Synthesis Settings -> More Settings" to "Off".


+-------------------------------------------------------------------------------------------+
; Parameter Settings for User Entity Instance: Register_File:REGISTER_FILE_UNIT|Register:s6 ;
+----------------+-------+------------------------------------------------------------------+
; Parameter Name ; Value ; Type                                                             ;
+----------------+-------+------------------------------------------------------------------+
; N_BITS         ; 32    ; Signed Integer                                                   ;
+----------------+-------+------------------------------------------------------------------+
Note: In order to hide this table in the UI and the text report file, please set the "Show Parameter Settings in Synthesis Report" option in "Analysis and Synthesis Settings -> More Settings" to "Off".


+-------------------------------------------------------------------------------------------+
; Parameter Settings for User Entity Instance: Register_File:REGISTER_FILE_UNIT|Register:s7 ;
+----------------+-------+------------------------------------------------------------------+
; Parameter Name ; Value ; Type                                                             ;
+----------------+-------+------------------------------------------------------------------+
; N_BITS         ; 32    ; Signed Integer                                                   ;
+----------------+-------+------------------------------------------------------------------+
Note: In order to hide this table in the UI and the text report file, please set the "Show Parameter Settings in Synthesis Report" option in "Analysis and Synthesis Settings -> More Settings" to "Off".


+-------------------------------------------------------------------------------------------+
; Parameter Settings for User Entity Instance: Register_File:REGISTER_FILE_UNIT|Register:t8 ;
+----------------+-------+------------------------------------------------------------------+
; Parameter Name ; Value ; Type                                                             ;
+----------------+-------+------------------------------------------------------------------+
; N_BITS         ; 32    ; Signed Integer                                                   ;
+----------------+-------+------------------------------------------------------------------+
Note: In order to hide this table in the UI and the text report file, please set the "Show Parameter Settings in Synthesis Report" option in "Analysis and Synthesis Settings -> More Settings" to "Off".


+-------------------------------------------------------------------------------------------+
; Parameter Settings for User Entity Instance: Register_File:REGISTER_FILE_UNIT|Register:t9 ;
+----------------+-------+------------------------------------------------------------------+
; Parameter Name ; Value ; Type                                                             ;
+----------------+-------+------------------------------------------------------------------+
; N_BITS         ; 32    ; Signed Integer                                                   ;
+----------------+-------+------------------------------------------------------------------+
Note: In order to hide this table in the UI and the text report file, please set the "Show Parameter Settings in Synthesis Report" option in "Analysis and Synthesis Settings -> More Settings" to "Off".


+-------------------------------------------------------------------------------------------+
; Parameter Settings for User Entity Instance: Register_File:REGISTER_FILE_UNIT|Register:k0 ;
+----------------+-------+------------------------------------------------------------------+
; Parameter Name ; Value ; Type                                                             ;
+----------------+-------+------------------------------------------------------------------+
; N_BITS         ; 32    ; Signed Integer                                                   ;
+----------------+-------+------------------------------------------------------------------+
Note: In order to hide this table in the UI and the text report file, please set the "Show Parameter Settings in Synthesis Report" option in "Analysis and Synthesis Settings -> More Settings" to "Off".


+-------------------------------------------------------------------------------------------+
; Parameter Settings for User Entity Instance: Register_File:REGISTER_FILE_UNIT|Register:k1 ;
+----------------+-------+------------------------------------------------------------------+
; Parameter Name ; Value ; Type                                                             ;
+----------------+-------+------------------------------------------------------------------+
; N_BITS         ; 32    ; Signed Integer                                                   ;
+----------------+-------+------------------------------------------------------------------+
Note: In order to hide this table in the UI and the text report file, please set the "Show Parameter Settings in Synthesis Report" option in "Analysis and Synthesis Settings -> More Settings" to "Off".


+-------------------------------------------------------------------------------------------+
; Parameter Settings for User Entity Instance: Register_File:REGISTER_FILE_UNIT|Register:gp ;
+----------------+-------+------------------------------------------------------------------+
; Parameter Name ; Value ; Type                                                             ;
+----------------+-------+------------------------------------------------------------------+
; N_BITS         ; 32    ; Signed Integer                                                   ;
+----------------+-------+------------------------------------------------------------------+
Note: In order to hide this table in the UI and the text report file, please set the "Show Parameter Settings in Synthesis Report" option in "Analysis and Synthesis Settings -> More Settings" to "Off".


+-------------------------------------------------------------------------------------------+
; Parameter Settings for User Entity Instance: Register_File:REGISTER_FILE_UNIT|Register:sp ;
+----------------+-------+------------------------------------------------------------------+
; Parameter Name ; Value ; Type                                                             ;
+----------------+-------+------------------------------------------------------------------+
; N_BITS         ; 32    ; Signed Integer                                                   ;
+----------------+-------+------------------------------------------------------------------+
Note: In order to hide this table in the UI and the text report file, please set the "Show Parameter Settings in Synthesis Report" option in "Analysis and Synthesis Settings -> More Settings" to "Off".


+-------------------------------------------------------------------------------------------+
; Parameter Settings for User Entity Instance: Register_File:REGISTER_FILE_UNIT|Register:fp ;
+----------------+-------+------------------------------------------------------------------+
; Parameter Name ; Value ; Type                                                             ;
+----------------+-------+------------------------------------------------------------------+
; N_BITS         ; 32    ; Signed Integer                                                   ;
+----------------+-------+------------------------------------------------------------------+
Note: In order to hide this table in the UI and the text report file, please set the "Show Parameter Settings in Synthesis Report" option in "Analysis and Synthesis Settings -> More Settings" to "Off".


+-------------------------------------------------------------------------------------------+
; Parameter Settings for User Entity Instance: Register_File:REGISTER_FILE_UNIT|Register:ra ;
+----------------+-------+------------------------------------------------------------------+
; Parameter Name ; Value ; Type                                                             ;
+----------------+-------+------------------------------------------------------------------+
; N_BITS         ; 32    ; Signed Integer                                                   ;
+----------------+-------+------------------------------------------------------------------+
Note: In order to hide this table in the UI and the text report file, please set the "Show Parameter Settings in Synthesis Report" option in "Analysis and Synthesis Settings -> More Settings" to "Off".


+--------------------------------------------------------------------------------------------------------------+
; Parameter Settings for User Entity Instance: Register_File:REGISTER_FILE_UNIT|Mux_Register_File:MUXRegister1 ;
+----------------+-------+-------------------------------------------------------------------------------------+
; Parameter Name ; Value ; Type                                                                                ;
+----------------+-------+-------------------------------------------------------------------------------------+
; N              ; 32    ; Signed Integer                                                                      ;
+----------------+-------+-------------------------------------------------------------------------------------+
Note: In order to hide this table in the UI and the text report file, please set the "Show Parameter Settings in Synthesis Report" option in "Analysis and Synthesis Settings -> More Settings" to "Off".


+--------------------------------------------------------------------------------------------------------------+
; Parameter Settings for User Entity Instance: Register_File:REGISTER_FILE_UNIT|Mux_Register_File:MUXRegister2 ;
+----------------+-------+-------------------------------------------------------------------------------------+
; Parameter Name ; Value ; Type                                                                                ;
+----------------+-------+-------------------------------------------------------------------------------------+
; N              ; 32    ; Signed Integer                                                                      ;
+----------------+-------+-------------------------------------------------------------------------------------+
Note: In order to hide this table in the UI and the text report file, please set the "Show Parameter Settings in Synthesis Report" option in "Analysis and Synthesis Settings -> More Settings" to "Off".


+----------------------------------------------------------------------------------------------+
; Parameter Settings for User Entity Instance: Multiplexer_2_to_1:MUX_READ_DATA_2_OR_IMMEDIATE ;
+----------------+-------+---------------------------------------------------------------------+
; Parameter Name ; Value ; Type                                                                ;
+----------------+-------+---------------------------------------------------------------------+
; N_BITS         ; 32    ; Signed Integer                                                      ;
+----------------+-------+---------------------------------------------------------------------+
Note: In order to hide this table in the UI and the text report file, please set the "Show Parameter Settings in Synthesis Report" option in "Analysis and Synthesis Settings -> More Settings" to "Off".


+------------------------------------------------------------------------------------------------------------+
; Analysis & Elaboration Settings                                                                            ;
+------------------------------------------------------------------+--------------------+--------------------+
; Option                                                           ; Setting            ; Default Value      ;
+------------------------------------------------------------------+--------------------+--------------------+
; Device                                                           ; 10M50DAF484C7G     ;                    ;
; Top-level entity name                                            ; MIPS_Processor     ; MIPS_Processor     ;
; Family name                                                      ; MAX 10             ; Cyclone V          ;
; Use smart compilation                                            ; Off                ; Off                ;
; Enable parallel Assembler and Timing Analyzer during compilation ; On                 ; On                 ;
; Enable compact report table                                      ; Off                ; Off                ;
; Restructure Multiplexers                                         ; Auto               ; Auto               ;
; Create Debugging Nodes for IP Cores                              ; Off                ; Off                ;
; Preserve fewer node names                                        ; On                 ; On                 ;
; Intel FPGA IP Evaluation Mode                                    ; Enable             ; Enable             ;
; Verilog Version                                                  ; Verilog_2001       ; Verilog_2001       ;
; VHDL Version                                                     ; VHDL_1993          ; VHDL_1993          ;
; State Machine Processing                                         ; Auto               ; Auto               ;
; Safe State Machine                                               ; Off                ; Off                ;
; Extract Verilog State Machines                                   ; On                 ; On                 ;
; Extract VHDL State Machines                                      ; On                 ; On                 ;
; Ignore Verilog initial constructs                                ; Off                ; Off                ;
; Iteration limit for constant Verilog loops                       ; 5000               ; 5000               ;
; Iteration limit for non-constant Verilog loops                   ; 250                ; 250                ;
; Add Pass-Through Logic to Inferred RAMs                          ; On                 ; On                 ;
; Infer RAMs from Raw Logic                                        ; On                 ; On                 ;
; Parallel Synthesis                                               ; On                 ; On                 ;
; DSP Block Balancing                                              ; Auto               ; Auto               ;
; NOT Gate Push-Back                                               ; On                 ; On                 ;
; Power-Up Don't Care                                              ; On                 ; On                 ;
; Remove Redundant Logic Cells                                     ; Off                ; Off                ;
; Remove Duplicate Registers                                       ; On                 ; On                 ;
; Ignore CARRY Buffers                                             ; Off                ; Off                ;
; Ignore CASCADE Buffers                                           ; Off                ; Off                ;
; Ignore GLOBAL Buffers                                            ; Off                ; Off                ;
; Ignore ROW GLOBAL Buffers                                        ; Off                ; Off                ;
; Ignore LCELL Buffers                                             ; Off                ; Off                ;
; Ignore SOFT Buffers                                              ; On                 ; On                 ;
; Limit AHDL Integers to 32 Bits                                   ; Off                ; Off                ;
; Optimization Technique                                           ; Balanced           ; Balanced           ;
; Carry Chain Length                                               ; 70                 ; 70                 ;
; Auto Carry Chains                                                ; On                 ; On                 ;
; Auto Open-Drain Pins                                             ; On                 ; On                 ;
; Perform WYSIWYG Primitive Resynthesis                            ; Off                ; Off                ;
; Auto ROM Replacement                                             ; On                 ; On                 ;
; Auto RAM Replacement                                             ; On                 ; On                 ;
; Auto DSP Block Replacement                                       ; On                 ; On                 ;
; Auto Shift Register Replacement                                  ; Auto               ; Auto               ;
; Allow Shift Register Merging across Hierarchies                  ; Auto               ; Auto               ;
; Auto Clock Enable Replacement                                    ; On                 ; On                 ;
; Strict RAM Replacement                                           ; Off                ; Off                ;
; Allow Synchronous Control Signals                                ; On                 ; On                 ;
; Force Use of Synchronous Clear Signals                           ; Off                ; Off                ;
; Auto RAM Block Balancing                                         ; On                 ; On                 ;
; Auto RAM to Logic Cell Conversion                                ; Off                ; Off                ;
; Auto Resource Sharing                                            ; Off                ; Off                ;
; Allow Any RAM Size For Recognition                               ; Off                ; Off                ;
; Allow Any ROM Size For Recognition                               ; Off                ; Off                ;
; Allow Any Shift Register Size For Recognition                    ; Off                ; Off                ;
; Use LogicLock Constraints during Resource Balancing              ; On                 ; On                 ;
; Ignore translate_off and synthesis_off directives                ; Off                ; Off                ;
; Timing-Driven Synthesis                                          ; On                 ; On                 ;
; Report Parameter Settings                                        ; On                 ; On                 ;
; Report Source Assignments                                        ; On                 ; On                 ;
; Report Connectivity Checks                                       ; On                 ; On                 ;
; Ignore Maximum Fan-Out Assignments                               ; Off                ; Off                ;
; Synchronization Register Chain Length                            ; 2                  ; 2                  ;
; Power Optimization During Synthesis                              ; Normal compilation ; Normal compilation ;
; HDL message level                                                ; Level2             ; Level2             ;
; Suppress Register Optimization Related Messages                  ; Off                ; Off                ;
; Number of Removed Registers Reported in Synthesis Report         ; 5000               ; 5000               ;
; Number of Swept Nodes Reported in Synthesis Report               ; 5000               ; 5000               ;
; Number of Inverted Registers Reported in Synthesis Report        ; 100                ; 100                ;
; Clock MUX Protection                                             ; On                 ; On                 ;
; Auto Gated Clock Conversion                                      ; Off                ; Off                ;
; Block Design Naming                                              ; Auto               ; Auto               ;
; SDC constraint protection                                        ; Off                ; Off                ;
; Synthesis Effort                                                 ; Auto               ; Auto               ;
; Shift Register Replacement - Allow Asynchronous Clear Signal     ; On                 ; On                 ;
; Pre-Mapping Resynthesis Optimization                             ; Off                ; Off                ;
; Analysis & Synthesis Message Level                               ; Medium             ; Medium             ;
; Disable Register Merging Across Hierarchies                      ; Auto               ; Auto               ;
; Resource Aware Inference For Block RAM                           ; On                 ; On                 ;
+------------------------------------------------------------------+--------------------+--------------------+


+------------------------------------------------------------------------------------------------------------------+
; Port Connectivity Checks: "ALU:ALU_UNIT"                                                                         ;
+--------+--------+----------+-------------------------------------------------------------------------------------+
; Port   ; Type   ; Severity ; Details                                                                             ;
+--------+--------+----------+-------------------------------------------------------------------------------------+
; zero_o ; Output ; Info     ; Connected to dangling logic. Logic that only feeds a dangling port will be removed. ;
+--------+--------+----------+-------------------------------------------------------------------------------------+


+----------------------------------------------------------------------------+
; Port Connectivity Checks: "Register_File:REGISTER_FILE_UNIT|Register:Zero" ;
+--------+-------+----------+------------------------------------------------+
; Port   ; Type  ; Severity ; Details                                        ;
+--------+-------+----------+------------------------------------------------+
; data_i ; Input ; Info     ; Stuck at GND                                   ;
+--------+-------+----------+------------------------------------------------+


+---------------------------------------------------+
; Port Connectivity Checks: "Adder:PC_Puls_4"       ;
+-----------------+-------+----------+--------------+
; Port            ; Type  ; Severity ; Details      ;
+-----------------+-------+----------+--------------+
; data_1_i[31..3] ; Input ; Info     ; Stuck at GND ;
; data_1_i[1..0]  ; Input ; Info     ; Stuck at GND ;
; data_1_i[2]     ; Input ; Info     ; Stuck at VCC ;
+-----------------+-------+----------+--------------+


+---------------------------------------------------------------------------------------------------------------------------------------------+
; Port Connectivity Checks: "Control:CONTROL_UNIT"                                                                                            ;
+--------------+--------+----------+----------------------------------------------------------------------------------------------------------+
; Port         ; Type   ; Severity ; Details                                                                                                  ;
+--------------+--------+----------+----------------------------------------------------------------------------------------------------------+
; branch_ne_o  ; Output ; Info     ; Connected to dangling logic. Logic that only feeds a dangling port will be removed.                      ;
; branch_eq_o  ; Output ; Info     ; Connected to dangling logic. Logic that only feeds a dangling port will be removed.                      ;
; mem_read_o   ; Output ; Warning  ; Declared by entity but not connected by instance. Logic that only feeds a dangling port will be removed. ;
; mem_to_reg_o ; Output ; Warning  ; Declared by entity but not connected by instance. Logic that only feeds a dangling port will be removed. ;
; mem_write_o  ; Output ; Warning  ; Declared by entity but not connected by instance. Logic that only feeds a dangling port will be removed. ;
+--------------+--------+----------+----------------------------------------------------------------------------------------------------------+


+---------------------------------+
; Analysis & Elaboration Messages ;
+---------------------------------+
Info: *******************************************************************
Info: Running Quartus Prime Analysis & Elaboration
    Info: Version 20.1.0 Build 711 06/05/2020 SJ Lite Edition
    Info: Processing started: Sun Oct 25 19:01:07 2020
Info: Command: quartus_map --read_settings_files=on --write_settings_files=off MIPS_Processor -c MIPS_Processor --analysis_and_elaboration
Warning (18236): Number of processors has not been specified which may cause overloading on shared machines.  Set the global assignment NUM_PARALLEL_PROCESSORS in your QSF to an appropriate value for best performance.
Info (20030): Parallel compilation is enabled and will use 4 of the 4 processors detected
Info (12021): Found 1 design units, including 1 entities, in source file sources/sign_extend.v
    Info (12023): Found entity 1: Sign_Extend File: C:/MIPS/sources/Sign_Extend.v Line: 14
Info (12021): Found 1 design units, including 1 entities, in source file sources/shift_left_2.v
    Info (12023): Found entity 1: Shift_Left_2 File: C:/MIPS/sources/Shift_Left_2.v Line: 12
Info (12021): Found 1 design units, including 1 entities, in source file sources/register_file.v
    Info (12023): Found entity 1: Register_File File: C:/MIPS/sources/Register_File.v Line: 15
Info (12021): Found 1 design units, including 1 entities, in source file sources/register.v
    Info (12023): Found entity 1: Register File: C:/MIPS/sources/Register.v Line: 12
Info (12021): Found 1 design units, including 1 entities, in source file sources/program_memory.v
    Info (12023): Found entity 1: Program_Memory File: C:/MIPS/sources/Program_Memory.v Line: 15
Info (12021): Found 1 design units, including 1 entities, in source file sources/program_counter.v
    Info (12023): Found entity 1: Program_Counter File: C:/MIPS/sources/Program_Counter.v Line: 15
Info (12021): Found 1 design units, including 1 entities, in source file sources/mux_register_file.v
    Info (12023): Found entity 1: Mux_Register_File File: C:/MIPS/sources/Mux_Register_File.v Line: 2
Info (12021): Found 1 design units, including 1 entities, in source file sources/multiplexer_2_to_1.v
    Info (12023): Found entity 1: Multiplexer_2_to_1 File: C:/MIPS/sources/Multiplexer_2_to_1.v Line: 13
Info (12021): Found 1 design units, including 1 entities, in source file sources/mips_processor_tb.v
    Info (12023): Found entity 1: MIPS_Processor_TB File: C:/MIPS/sources/MIPS_Processor_TB.v Line: 15
Info (12021): Found 1 design units, including 1 entities, in source file sources/mips_processor.v
    Info (12023): Found entity 1: MIPS_Processor File: C:/MIPS/sources/MIPS_Processor.v Line: 28
Info (12021): Found 1 design units, including 1 entities, in source file sources/decoder_register_file.v
    Info (12023): Found entity 1: Decoder_Register_File File: C:/MIPS/sources/Decoder_Register_File.v Line: 12
Info (12021): Found 1 design units, including 1 entities, in source file sources/data_memory.v
    Info (12023): Found entity 1: Data_Memory File: C:/MIPS/sources/Data_Memory.v Line: 13
Info (12021): Found 1 design units, including 1 entities, in source file sources/control.v
    Info (12023): Found entity 1: Control File: C:/MIPS/sources/Control.v Line: 14
Info (12021): Found 1 design units, including 1 entities, in source file sources/alu_control.v
    Info (12023): Found entity 1: ALU_Control File: C:/MIPS/sources/ALU_Control.v Line: 15
Info (12021): Found 1 design units, including 1 entities, in source file sources/alu.v
    Info (12023): Found entity 1: ALU File: C:/MIPS/sources/ALU.v Line: 20
Info (12021): Found 1 design units, including 1 entities, in source file sources/adder.v
    Info (12023): Found entity 1: Adder File: C:/MIPS/sources/Adder.v Line: 13
Warning (10236): Verilog HDL Implicit Net warning at MIPS_Processor.v(73): created implicit net for "branch_ne_w" File: C:/MIPS/sources/MIPS_Processor.v Line: 73
Warning (10236): Verilog HDL Implicit Net warning at MIPS_Processor.v(74): created implicit net for "branch_eq_w" File: C:/MIPS/sources/MIPS_Processor.v Line: 74
Info (12127): Elaborating entity "MIPS_Processor" for the top level hierarchy
Info (12128): Elaborating entity "Control" for hierarchy "Control:CONTROL_UNIT" File: C:/MIPS/sources/MIPS_Processor.v Line: 78
Info (12128): Elaborating entity "Program_Counter" for hierarchy "Program_Counter:PC" File: C:/MIPS/sources/MIPS_Processor.v Line: 87
Info (12128): Elaborating entity "Program_Memory" for hierarchy "Program_Memory:ROM" File: C:/MIPS/sources/MIPS_Processor.v Line: 98
Warning (10850): Verilog HDL warning at Program_Memory.v(35): number of words (13) in memory file does not match the number of elements in the address range [0:31] File: C:/MIPS/sources/Program_Memory.v Line: 35
Warning (10030): Net "rom.data_a" at Program_Memory.v(31) has no driver or initial value, using a default initial value '0' File: C:/MIPS/sources/Program_Memory.v Line: 31
Warning (10030): Net "rom.waddr_a" at Program_Memory.v(31) has no driver or initial value, using a default initial value '0' File: C:/MIPS/sources/Program_Memory.v Line: 31
Warning (10030): Net "rom.we_a" at Program_Memory.v(31) has no driver or initial value, using a default initial value '0' File: C:/MIPS/sources/Program_Memory.v Line: 31
Info (12128): Elaborating entity "Adder" for hierarchy "Adder:PC_Puls_4" File: C:/MIPS/sources/MIPS_Processor.v Line: 110
Info (12128): Elaborating entity "Multiplexer_2_to_1" for hierarchy "Multiplexer_2_to_1:MUX_R_TYPE_OR_I_Type" File: C:/MIPS/sources/MIPS_Processor.v Line: 130
Info (12128): Elaborating entity "Register_File" for hierarchy "Register_File:REGISTER_FILE_UNIT" File: C:/MIPS/sources/MIPS_Processor.v Line: 147
Info (12128): Elaborating entity "Decoder_Register_File" for hierarchy "Register_File:REGISTER_FILE_UNIT|Decoder_Register_File:DECODER_REG_FILE" File: C:/MIPS/sources/Register_File.v Line: 42
Info (12128): Elaborating entity "Register" for hierarchy "Register_File:REGISTER_FILE_UNIT|Register:Zero" File: C:/MIPS/sources/Register_File.v Line: 58
Info (12128): Elaborating entity "Mux_Register_File" for hierarchy "Register_File:REGISTER_FILE_UNIT|Mux_Register_File:MUXRegister1" File: C:/MIPS/sources/Register_File.v Line: 480
Info (12128): Elaborating entity "Sign_Extend" for hierarchy "Sign_Extend:SIGNED_EXTEND_FOR_CONSTANTS" File: C:/MIPS/sources/MIPS_Processor.v Line: 154
Info (12128): Elaborating entity "Multiplexer_2_to_1" for hierarchy "Multiplexer_2_to_1:MUX_READ_DATA_2_OR_IMMEDIATE" File: C:/MIPS/sources/MIPS_Processor.v Line: 170
Info (12128): Elaborating entity "ALU_Control" for hierarchy "ALU_Control:ALU_CTRL" File: C:/MIPS/sources/MIPS_Processor.v Line: 180
Info (12128): Elaborating entity "ALU" for hierarchy "ALU:ALU_UNIT" File: C:/MIPS/sources/MIPS_Processor.v Line: 192
Warning (10230): Verilog HDL assignment warning at ALU.v(40): truncated value with size 48 to match size of target (32) File: C:/MIPS/sources/ALU.v Line: 40
Warning (12241): 1 hierarchies have connectivity warnings - see the Connectivity Checks report folder
Info: Quartus Prime Analysis & Elaboration was successful. 0 errors, 9 warnings
    Info: Peak virtual memory: 4711 megabytes
    Info: Processing ended: Sun Oct 25 19:01:18 2020
    Info: Elapsed time: 00:00:11
    Info: Total CPU time (on all processors): 00:00:25


